---
source: tui/src/chatwidget/tests/side.rs
expression: terminal.backend()
---
"                                                                                "
"                                                                                "
"› Check recently modified functions for compatibility                           "
"                                                                                "
"  [FORK daulet/codex… Side from main thread · main needs input · Esc to return  "
